,,L2 BIO
,,
,Reading comprehension: The Biological Effects of Fast Food,
1,What happened recently with McDonald's?,
a,It was discovered that their meat was full of antibiotics.,
b,The fast-food giant changed its advertisements.,
c,McDonald's decided to cease using meat with antibiotics in it.,
d,Environmental Defense exposed McDonald's guilt.,
,,
2,Why does the author think that McDonald's is changing their policy?,
a,To make America a healthier nation.,
b,To reduce costs.,
c,To combat recent criticism.,
d,Because they are progressive and responsible.,
,,
3,Which sentence is FALSE?,
a,Obesity has reached a record high in the USA.,
b,"In 1980, 30% of American adults were obese.",
c,The government has spent $115 billion on healthcare for obese people.,
d,Americans spend more money on cars than fast food.,
,,
4,Which sentence is true?,
a,Eating fast food cannot be described as an addiction.,
b,Fast food can change hormone levels.,
c,Researchers have been testing fast food on themselves.,
d,A drug addict triggered a bomb in McDonald's.,
,,
5,Leptin...,
a,… keeps a check on the body's stores of fat.,
b,… is not produced in obese people.,
c,… is excessively responsive to hormones.,
d,… plays a minor role in weight gain.,
,,
6,The latest research suggests that...,
a,… levels of leptin can be disrupted even after a few fast food meals.,
b,… 72 hours is not enough to see any changes in weight.,
c,… ability to respond to leptin depends on how upset you are.,
d,… New York City has a particularly high level of obese people.,
,,
7,Which sentence is true?,
a,Sarah Leibowitz's results are inconclusive.,
b,Galanin increases the amount of energy you expend.,
c,The brain rewards hot-wired circuits.,
d,The hormonal and brain systems can be reconfigured.,
,,
8,Giving animals lots of sugar...,
a,… made them quite withdrawn.,
b,… gave them withdrawal symptoms when it was taken away.,
c,… made them shake.,
d,… made them feverish.,
,,
9,Which sentence is true?,
a,Exposure to pleasure is not enough to modify genes.,
b,Rats at the University of Wisconsin were given fast food.,
c,Eating fast food can produce long-lasting changes to the brain.,
d,Research was carried out on drug addicts.,
,,
10,Is it possible to break the addiction?,
a,"No, people indulge too much.",
b,"No, the biological changes in the body are permanent.",
c,Only if we change our diets.,
d,"Yes, if we focus on our cravings.",
,,
,Oral text: Newton,
11,Newton was born...,
a,on the day Galileo died.,
b,"on  Dec 25th 1642, the year Galileo died.",
c,"on Christmas day, like Galileo.",
d,the same year as Galileo.,
,,
12,Newton...,
a,was a solitary schoolboy and physician.,
b,was the chief figure of the 18th century revolution.,
c,shed light on the functioning of the universe.,
d,"saw that all bodies in the universe exert a pool, or a little tag, on each other.",
,,
13,The Principia ... ,
a,laid down the mathematical principles of philosophy.,
b,consists of 3 books that have changed the faith of science.,
c,includes Newton's theories of gravitation and his 3 laws of motion.,
d,was considered a minor work by Einstein.,
,,
14,Most of Newton's work was begun...,
a,when he was still  a young boy.,
b,after he graduated from college.,
c,while he was away from college because he was ill.,
d,when his university was closed due to an outbreak of plague.,
,,
15, Annus mirabilis  …,
a,"translates as  miserable year , because of the plague.",
b,refers to a miracle that Newton accomplished  in London in 1666.,
c,"was the year 666, the year of the Beast.",
d,was Newton's most creative year.,
,,
16,Which of his contributions is NOT mentioned in the text ?,
a,Optics and his theory of colours.,
b,His discoveries in calculus and geometry.,
c,His laws of motion and universal gravitation.,
d,His work on alchemy.,
,,
17,He realized a leaf is green because....,
a,the green colour is absorbed by the sun.,
b,the chlorophyll absorbs the light.,
c,"it absorbs the violet, red and blue rays of white light.",
d,it reflects the blue and violet colours back to our eyes.,
,,
18,"Ever since the time of Aristotle, most scientists believed that light was...",
a,all white.,
b,chromatic herboration.,
c,a rainbow of colours.,
d,basically a  simple tip of thing .,
,,
19,Newton showed that …,
a,light can pass through a prism.,
b,a prism decomposes light into many colours.,
c,the visible spectrum is made up of different wavelengths.,
d,light is our brain's interpretation of some signals.,
,,
20,What is WRONG ?    Newton...,
a,set the stage for future analysis in various fields of mathematics.,
b,created the science of mechanics and explained the motion of planets.,
c,understood that scientific reasoning was the way to approach problems.,
d,saw that science and religion were incompatible.,
,,
,,Grammar and vocabulary
21,Newton was an English .... into a poor farming family.,
a,physicist and mathematician who was born ...,
b,physician and mathematician that is born...,
c,physician and mathematicist that was borne...,
d,physiquer and mathematiquer who is born...,
,,
22,Newton .....,
a,"made breakthroughs in mathematics, physics and chemistry.",
b,"did advances in maths, physics and chimy.",
c,"made discoveries in mathematic, physic and chemistry.",
d,"realized developments in mathematics, physics and chemy.",
,,
23,By the time Darwin ...he possessed ....,
a,had 22 years / many knowledges on a large variety of scientific fields.,
b,was 22 / a general knowledge of a wide range of scientific fields.,
c,was 22 years old / knowledge on a large range of scientifical domains.,
d,was 22 / a large knowledge of a wide variety of scientifical fields.,
,,
24,Darwin ....on evolution and natural selection.,
a,made research ,
b,carried out some research,
c,did some research,
d,made many researches,
,,
25,.... theory of  relativity.,
a,Most people have heard of Einstein's ...,
b,The most of the people know about Einstein's...,
c,Most of the persons have heard about the Einstein's...,
d,Most of people know about the Einstein's ,
,,
26,Marie Curie was the first woman...,
a,to be won a Nobel price.,
b,to award a nobel prize.,
c,to be giving a Nobel prize.,
d,to be awarded a Nobel prize.,
,,
27,Our ... has gone up thanks to a better ...,
a,life span / cure of illness.,
b,life expectancy / treatment of diseases.,
c,life hope / treating of sickness.,
d,life expectation / dealing with disease.,
,,
28,You must have a … avoiding …,
a,healthy regime / fiber and antioxydants.,
b,sane regime / sugars and fats.,
c,healthy diet / sugar and fat.,
d,wealthy food / sweets and grease.,
,,
29,… are substances added to food to...,
a,Food additives / preserve flavour,
b,Colourants / give them a nice taste.,
c,Preservatives / keep them from reproducing.,
d,Additives / make it healthier.,
,,
30,The ..... might lead to ....,
a,"shortage of clean water / war, disease and famine.",
b,"lake of fresh water / drought, malnutrition and death.",
c,"lack of water supplies / dryness, undernourishment and illness.",
d,depletion of sea water / fighting over scarce resources.,
,,
31,GMO stands for ...,
a,genetically modified organism.,
b,genetic modifications of outlayers.,
c,genes mixed with others.,
d,grown maize and other crops.,
,,
32,What is correct? GMOs....,
a,rise many ethical debates.,
b,raise a lot of ethical issues.,
c,rise several ethical problems.,
d,arouse much ethical dilemmas.,
,,
33,I can't help …. that ….is dangerous.,
a,to think / to clone,
b,to think / cloning,
c,think / clonage,
d,thinking / cloning,
,,
34,The food we eat contains essential...,
a,"nutrients, such as carbohydrates, fats and proteins.",
b,"nutriments, like grease, feculents and flesh.",
c,"nutritive value, like sugar, grease and feculents.",
d,"condiments such as grains, seeds or nuts.",
,,
35,In the last years there.... a growing trend toward …,
a,was / the growth of genetically modifying foods.,
b,has been / sustainable agricultural practices.,
c,have been / growing more healthy crops.,
d,is / durable agriculture.,
,,
36,Lots of .... if the virus was responsible....,
a,experiences were made to see / for the illness.,
b,experiences were carried out to work out / for the sickness.,
c,tests have been done to see / of the disorder.,
d,experiments have been done to find out / for the disease.,
,,
37,Which is correct?,
a,Biologists and geneticists do research on stem cells.,
b,Biologists and geneticians make research on stem cells.,
c,Biologists and geneticians carry out researches on strain cells..,
d,Biologistes and geneticians perform researches on stem cells.,
,,
38,I am interested ... science but I am not very good … it. It depends … ,
a,by / in / of the subject.,
b,in / at / on the subject.,
c,in / in / of the topic.,
d,of / at / in the issue.,
,,
39,The world population might ... 2050.,
a,increase of 300 billion within,
b,rise of 300 billion in,
c,go up by 300 billion by,
d,increase by 300 billions before,
,,
40,What is correct?,
a,Two thousands square kilometres have been destroyed till now.,
b,Two thousand  kilometers square were destroyed so far.,
c,Two thousand square kilometers have been destroyed so far.,
d,Two thousands kilometres squares were destroyed up to now.,
,,
,,ESSAYS
,Write 200 words on one of the following subjects:,
1,"We all believe in magic – be it luck, destiny, astrology or life after death. Discuss.",
2,How can we keep healthy?,
3,"Which of the 4 scientists-Newton, Darwin, M.Curie or Einstein-",
,"do you find the greatest, and why?",
